// Jest Snapshot v1, https://goo.gl/fbAQLP

exports[`Modal render tests should render properly 1`] = `
<FocusTrap
  _createFocusTrap={[Function]}
  active={true}
  focusTrapOptions={Object {}}
  paused={false}
>
  <div
    className="fixed m-0 left-0 right-0 z-50 w-screen h-screen bg-black opacity-50 flex items-center justify-center"
    tabIndex={0}
  >
    <p>
      hello world!
    </p>
  </div>
</FocusTrap>
`;
